acpi
acpi_call
acpi_call-lts
acpid
alsa-firmware
alsa-plugins
alsa-utils
arandr
arc-gtk-theme
autoconf
automake
b43-fwcutter
base
bash
bash-completion
bash-language-server
bat
binutils
bison
bluez
bluez-utils
bzip2
ccache
clipmenu
clipnotify
cmatrix
code
coreutils
cryptsetup
cups
cups-filters
cups-pdf
dbus-glib
device-mapper
dhcpcd
diffutils
dunst
e2fsprogs
eslint
ethtool
exa
fakeroot
fbset
fd
file
filesystem
findutils
flex
fwupd
fzf
gawk
gcc
gcc-libs
geoclue
gettext
ghostscript
gimp
glibc
gnome-disk-utility
gnome-keyring
gnome-themes-extra
gparted
grep
groff
gsfonts
gtk-engine-murrine
gtk-engines
gucharmap
gvfs
gvfs-mtp
gzip
highlight
hplip
htop
i7z
imlib2
inetutils
intel-ucode
iproute2
iputils
jfsutils
jsoncpp
less
libcurl-gnutls
libmpdclient
libtool
libxkbcommon-x11
libxss
licenses
linux
linux-firmware
linux-headers
linux-lts
linux-lts-headers
logrotate
lshw
lvm2
lxappearance-gtk3
m4
make
man-db
man-pages
mdadm
meld
mesa
mpv
nano
neofetch
neovim
netctl
network-manager-applet
networkmanager
nitrogen
nm-connection-editor
nodejs
ntfs-3g
openssl-1.0
p7zip
pacman
papirus-icon-theme
patch
pciutils
pcmanfm-gtk3
perl
perl-file-mimeinfo
picom
pkgconf
playerctl
polkit-gnome
powertop
procps-ng
psmisc
python-pynvim
python-xlib
python2
reflector
reiserfsprogs
rsync
rtmpdump
s-nail
s-tui
scrot
sed
shadow
smartmontools
stress
sudo
sxiv
sysfsutils
system-config-printer
systemd
systemd-sysvcompat
tar
texinfo
throttled
tk
tlp
tlp-rdw
tpacpi-bat
trash-cli
ttf-dejavu
ttf-font-awesome
ttf-ibm-plex
ttf-jetbrains-mono
ttf-liberation
ttf-roboto
ttf-roboto-mono
unrar
unzip
upower
usbutils
util-linux
vi
viewnior
w3m
wget
which
wireless_tools
wmctrl
x86_energy_perf_policy
xarchiver
xcb-util-cursor
xclip
xdg-user-dirs
xdg-utils
xdo
xdotool
xf86-input-evdev
xf86-input-libinput
xf86-input-synaptics
xf86-input-vmmouse
xf86-input-void
xf86-video-amdgpu
xf86-video-ati
xf86-video-dummy
xf86-video-fbdev
xf86-video-intel
xf86-video-nouveau
xf86-video-openchrome
xf86-video-qxl
xf86-video-vesa
xf86-video-vmware
xf86-video-voodoo
xfsprogs
xorg-bdftopcf
xorg-iceauth
xorg-luit
xorg-mkfontscale
xorg-server
xorg-sessreg
xorg-smproxy
xorg-twm
xorg-x11perf
xorg-xauth
xorg-xbacklight
xorg-xcmsdb
xorg-xcursorgen
xorg-xdpyinfo
xorg-xdriinfo
xorg-xev
xorg-xgamma
xorg-xhost
xorg-xinit
xorg-xinput
xorg-xkbevd
xorg-xkbutils
xorg-xkill
xorg-xlsatoms
xorg-xlsclients
xorg-xmodmap
xorg-xpr
xorg-xprop
xorg-xrandr
xorg-xrdb
xorg-xrefresh
xorg-xset
xorg-xsetroot
xorg-xvinfo
xorg-xwd
xorg-xwininfo
xorg-xwud
xorgproto
xsel
xterm
yarn
youtube-dl
zathura
zathura-pdf-poppler
zip
zsh
zsh-autosuggestions
zsh-completions
zsh-syntax-highlighting
